[Windows 95 Params]
	WndTitle	 = Instalación de Microsoft Visual Basic 5.0
	WndMess		 = Iniciando la instalación de Visual Basic 5.0, espere...
	TmpDirSize	 = 2000
	TmpDirName	 = ~msstfqf.t
	CmdLine		 = acmsetup /Z vb5_bb.dll /T vb5stp.stf /S %s %s
	DrvModName	 = ACMSETUP
	DrvWinClass	 = Stuff-Shell
	Require31	 = Esta aplicación necesita una versión más reciente de Microsoft Windows.
	CabinetFile	 = vb5-1.cab
	InsertCDMsg	 = Inserte el CD de Microsoft Visual Basic 5.0.
	InsertDiskMsg	 = Inserte el disco 1 de Microsoft Visual Basic 5.0.
[Windows 95 Files]
	acmsetup.exe	 = acmsetup.exe
	acmsetup.hlp	 = acmsetup.hlp
	mssetup.dll	 = mssetup.dll
	msvcrt20.dll	 = msvcrt20.dll
	msvcrt40.dll	 = msvcrt40.dll
	odbcstf.dll	 = odbcstf.dll
	odbckey.inf	 = odbckey.inf
	odbccp32.dll	 = odbccp32.dll
	odbcint.dll	 = odbcint.dll
	vb5stp.dll	 = vb5stp.dll
	vb5stp.stf	 = vb5stp.stf
	vb5setup.inf	 = vb5setup.inf
	vb5setup.ttf	 = vb5setup.ttf
	vb5_bb.dll	 = vb5_bb.dll
	oleaut32.dll	 = NEWAUT32.DLL
	complinc.dll	 = complinc.dll
	license.txt	 = license.txt
[NT Intel Params]
	WndTitle	 = Instalación de Microsoft Visual Basic 5.0
	WndMess		 = Iniciando la instalación de Visual Basic 5.0, espere...
	TmpDirSize	 = 2000
	TmpDirName	 = ~msstfqf.t
	CmdLine		 = acmsetup /Z vb5_bb.dll /T vb5stp.stf /S %s %s
	DrvModName	 = ACMSETUP
	DrvWinClass	 = Stuff-Shell
	Require31	 = Esta aplicación necesita una versión más reciente de Microsoft Windows.
	CabinetFile	 = vb5-1.cab
	InsertCDMsg	 = Inserte el CD de Microsoft Visual Basic 5.0.
	InsertDiskMsg	 = Inserte el disco 1 de Microsoft Visual Basic 5.0.
[NT Intel Files]
	acmsetup.exe	 = acmsetup.exe
	acmsetup.hlp	 = acmsetup.hlp
	mssetup.dll	 = mssetup.dll
	msvcrt20.dll	 = msvcrt20.dll
	msvcrt40.dll	 = msvcrt40.dll
	odbcstf.dll	 = odbcstf.dll
	odbckey.inf	 = odbckey.inf
	odbccp32.dll	 = odbccp32.dll
	odbcint.dll	 = odbcint.dll
	vb5stp.dll	 = vb5stp.dll
	vb5stp.stf	 = vb5stp.stf
	vb5setup.inf	 = vb5setup.inf
	vb5setup.ttf	 = vb5setup.ttf
	vb5_bb.dll	 = vb5_bb.dll
	oleaut32.dll	 = NEWAUT32.DLL
	complinc.dll	 = complinc.dll
	license.txt	 = license.txt
[NT PPC Params]
	WndTitle	 = Instalación de Microsoft Visual Basic 5.0
	WndMess		 = Iniciando la instalación de Visual Basic 5.0, espere...
	TmpDirSize	 = 2000
	TmpDirName	 = ~msstfqf.t
	CmdLine		 = acmsetup /Z vb5_bb.dll /T vb5stp.stf /S %s %s
	DrvModName	 = ACMSETUP
	DrvWinClass	 = Stuff-Shell
	Require31	 = Esta aplicación necesita una versión más reciente de Microsoft Windows.
	CabinetFile	 = vb5-1.cab
	InsertCDMsg	 = Inserte el CD de Microsoft Visual Basic 5.0.
	InsertDiskMsg	 = Inserte el disco 1 de Microsoft Visual Basic 5.0.
[NT PPC Files]
	acmsetup.exe	 = acmsetup.exe
	acmsetup.hlp	 = acmsetup.hlp
	mssetup.dll	 = mssetup.dll
	msvcrt20.dll	 = msvcrt20.dll
	msvcrt40.dll	 = msvcrt40.dll
	odbcstf.dll	 = odbcstf.dll
	odbckey.inf	 = odbckey.inf
	odbccp32.dll	 = odbccp32.dll
	odbcint.dll	 = odbcint.dll
	vb5stp.dll	 = vb5stp.dll
	vb5stp.stf	 = vb5stp.stf
	vb5setup.inf	 = vb5setup.inf
	vb5setup.ttf	 = vb5setup.ttf
	vb5_bb.dll	 = vb5_bb.dll
	oleaut32.dll	 = NEWAUT32.DLL
	complinc.dll	 = complinc.dll
	license.txt	 = license.txt
[NT Alpha Params]
	WndTitle	 = Instalación de Microsoft Visual Basic 5.0
	WndMess		 = Iniciando la instalación de Visual Basic 5.0, espere...
	TmpDirSize	 = 2000
	TmpDirName	 = ~msstfqf.t
	CmdLine		 = acmsetup /Z vb5_bb.dll /T vb5stp.stf /S %s %s
	DrvModName	 = ACMSETUP
	DrvWinClass	 = Stuff-Shell
	Require31	 = Esta aplicación necesita una versión más reciente de Microsoft Windows.
	CabinetFile	 = vb5-1.cab
	InsertCDMsg	 = Inserte el CD de Microsoft Visual Basic 5.0.
	InsertDiskMsg	 = Inserte el disco 1 de Microsoft Visual Basic 5.0.
[NT Alpha Files]
	acmsetup.exe	 = acmsetup.exe
	acmsetup.hlp	 = acmsetup.hlp
	mssetup.dll	 = mssetup.dll
	msvcrt20.dll	 = msvcrt20.dll
	msvcrt40.dll	 = msvcrt40.dll
	odbcstf.dll	 = odbcstf.dll
	odbckey.inf	 = odbckey.inf
	odbccp32.dll	 = odbccp32.dll
	odbcint.dll	 = odbcint.dll
	vb5stp.dll	 = vb5stp.dll
	vb5stp.stf	 = vb5stp.stf
	vb5setup.inf	 = vb5setup.inf
	vb5setup.ttf	 = vb5setup.ttf
	vb5_bb.dll	 = vb5_bb.dll
	oleaut32.dll	 = NEWAUT32.DLL
	complinc.dll	 = complinc.dll
	license.txt	 = license.txt
