[Windows 95 Params]
	WndTitle	 = Instalación de ODBC
	WndMess		 = Iniciando la instalación de ODBC, espere...
	TmpDirSize	 = 2000
	TmpDirName	 = ~msstfqf.t
	CmdLine		 = acmsetup /T setup.stf /S %s %s
	DrvModName	 = ACMSETUP
	DrvWinClass	 = Stuff-Shell
	Require31	 = Esta aplicación necesita una versión más reciente de Microsoft Windows.
	CabinetFile	 = ODBC-1.cab
	InsertCDMsg	 = Inserte el CD de Microsoft ODBC 5.0.
	InsertDiskMsg	 = Inserte el disco 1 de Microsoft ODBC.
[Windows 95 Files]
	@acmsetup.exe	 = acmsetup.exe
	@acmsetup.hlp	 = acmsetup.hlp
	@mssetup.dll	 = mssetup.dll
	@msvcrt40.dll	 = msvcrt40.dll
	@odbcstf.dll	 = odbcstf.dll
	@odbckey.inf	 = odbckey.inf
	@odbccp32.dll	 = odbccp32.dll
	@odbcint.dll	 = odbcint.dll
	@odbcstp.dll	 = odbcstp.dll
	@setup.stf	 = setup.stf
	odbcstp.inf	 = odbcstp.inf
	@setup.ttf	 = setup.ttf
[NT Intel Params]
	WndTitle	 = Instalación de ODBC
	WndMess		 = Iniciando la instalación de ODBC, espere...
	TmpDirSize	 = 2000
	TmpDirName	 = ~msstfqf.t
	CmdLine		 = acmsetup /T setup.stf /S %s %s
	DrvModName	 = ACMSETUP
	DrvWinClass	 = Stuff-Shell
	Require31	 = Esta aplicación necesita una versión más reciente de Microsoft Windows.
	CabinetFile	 = ODBC-1.cab
	InsertCDMsg	 = Inserte el CD de Microsoft ODBC 5.0.
	InsertDiskMsg	 = Inserte el disco 1 de Microsoft ODBC.
[NT Intel Files]
	@acmsetup.exe	 = acmsetup.exe
	@acmsetup.hlp	 = acmsetup.hlp
	@mssetup.dll	 = mssetup.dll
	@msvcrt40.dll	 = msvcrt40.dll
	@odbcstf.dll	 = odbcstf.dll
	@odbckey.inf	 = odbckey.inf
	@odbccp32.dll	 = odbccp32.dll
	@odbcint.dll	 = odbcint.dll
	@odbcstp.dll	 = odbcstp.dll
	@setup.stf	 = setup.stf
	odbcstp.inf	 = odbcstp.inf
	@setup.ttf	 = setup.ttf
[NT PPC Params]
	WndTitle	 = Instalación de ODBC
	WndMess		 = Iniciando la instalación de ODBC, espere...
	TmpDirSize	 = 2000
	TmpDirName	 = ~msstfqf.t
	CmdLine		 = acmsetup /T setup.stf /S %s %s
	DrvModName	 = ACMSETUP
	DrvWinClass	 = Stuff-Shell
	Require31	 = Esta aplicación necesita una versión más reciente de Microsoft Windows.
	CabinetFile	 = ODBC-1.cab
	InsertCDMsg	 = Inserte el CD de Microsoft ODBC 5.0.
	InsertDiskMsg	 = Inserte el disco 1 de Microsoft ODBC.
[NT PPC Files]
	@acmsetup.exe	 = acmsetup.exe
	@acmsetup.hlp	 = acmsetup.hlp
	@mssetup.dll	 = mssetup.dll
	@msvcrt40.dll	 = msvcrt40.dll
	@odbcstf.dll	 = odbcstf.dll
	@odbckey.inf	 = odbckey.inf
	@odbccp32.dll	 = odbccp32.dll
	@odbcint.dll	 = odbcint.dll
	@odbcstp.dll	 = odbcstp.dll
	@setup.stf	 = setup.stf
	odbcstp.inf	 = odbcstp.inf
	@setup.ttf	 = setup.ttf
[NT Alpha Params]
	WndTitle	 = Instalación de ODBC
	WndMess		 = Iniciando la instalación de ODBC, espere...
	TmpDirSize	 = 2000
	TmpDirName	 = ~msstfqf.t
	CmdLine		 = acmsetup /T setup.stf /S %s %s
	DrvModName	 = ACMSETUP
	DrvWinClass	 = Stuff-Shell
	Require31	 = Esta aplicación necesita una versión más reciente de Microsoft Windows.
	CabinetFile	 = ODBC-1.cab
	InsertCDMsg	 = Inserte el CD de Microsoft ODBC 5.0.
	InsertDiskMsg	 = Inserte el disco 1 de Microsoft ODBC.
[NT Alpha Files]
	@acmsetup.exe	 = acmsetup.exe
	@acmsetup.hlp	 = acmsetup.hlp
	@mssetup.dll	 = mssetup.dll
	@msvcrt40.dll	 = msvcrt40.dll
	@odbcstf.dll	 = odbcstf.dll
	@odbckey.inf	 = odbckey.inf
	@odbccp32.dll	 = odbccp32.dll
	@odbcint.dll	 = odbcint.dll
	@odbcstp.dll	 = odbcstp.dll
	@setup.stf	 = setup.stf
	odbcstp.inf	 = odbcstp.inf
	@setup.ttf	 = setup.ttf
